// Jest Snapshot v1, https://goo.gl/fbAQLP

exports[`Record displays correct 1`] = `
<div
  className="record clearfix"
>
  <div
    className="pull-left"
  >
    <strong>
      <span
        className="last-name"
      >
        LastName
        ,
         
      </span>
      <span
        className="first-name"
      >
        FirstName
      </span>
    </strong>
    <a
      className="phone-number"
      href="tel:5555555555"
    >
      555-555-5555
    </a>
  </div>
  <div
    className="pull-right"
  >
    <a
      className="btn"
      href="javascript:void(0);"
      onClick={[Function]}
    >
      Update
    </a>
    <a
      className="btn btn-danger"
      href="javascript:void(0);"
      onClick={[Function]}
    >
      Delete
    </a>
  </div>
</div>
`;
